{
  "normative_rules": [
    {
      "name": "inline",
      "def_filename": "tests/norm-rule/test.yaml",
      "chapter_name": "my-chapter_name",
      "kind": "extension",
      "instances": [
        "Zicsr",
        "ABC"
      ],
      "summary": "A few words",
      "tags": [
        {
          "name": "norm:inline",
          "text": "inside inline",
          "tag_filename": "/build/test-norm-tags.json"
        }
      ]
    },
    {
      "name": "paragraph-with-a-really-wide-rule-name",
      "def_filename": "tests/norm-rule/test.yaml",
      "chapter_name": "my-chapter_name",
      "description": "Here's a description.\nIt's got 2 lines.\n",
      "tags": [
        {
          "name": "norm:paragraph:no-inline-anchors",
          "text": "Paragraph without inline anchors",
          "tag_filename": "/build/test-norm-tags.json"
        }
      ]
    },
    {
      "name": "inline-anchors-in-paragraph-entire",
      "def_filename": "tests/norm-rule/test.yaml",
      "chapter_name": "my-chapter_name",
      "tags": [
        {
          "name": "norm:paragraph:inline-anchors:entire",
          "text": "Paragraph with inline anchor and something.",
          "tag_filename": "/build/test-norm-tags.json"
        }
      ]
    },
    {
      "name": "inline-anchors-in-paragraph-inline-anchor",
      "def_filename": "tests/norm-rule/test.yaml",
      "chapter_name": "my-chapter_name",
      "tags": [
        {
          "name": "norm:paragraph:inline-anchors:inline-anchor",
          "text": "inline anchor",
          "tag_filename": "/build/test-norm-tags.json"
        }
      ]
    },
    {
      "name": "rule_with_newlines",
      "def_filename": "tests/norm-rule/test.yaml",
      "chapter_name": "my-chapter_name",
      "tags": [
        {
          "name": "norm:paragraph:tag_with_newlines",
          "text": "Here&#8217;s the first line. Here&#8217;s the second line.",
          "tag_filename": "/build/test-norm-tags.json"
        }
      ]
    },
    {
      "name": "table1",
      "def_filename": "tests/norm-rule/test.yaml",
      "chapter_name": "my-chapter_name",
      "tags": [
        {
          "name": "norm:table:anchors-in-cells:entire-table",
          "text": "===\ncell with anchor\ncell without anchor\n===",
          "tag_filename": "/build/test-norm-tags.json"
        }
      ]
    },
    {
      "name": "table2",
      "def_filename": "tests/norm-rule/test.yaml",
      "chapter_name": "my-chapter_name",
      "tags": [
        {
          "name": "norm:table:no-anchors-in-cells:entire-table",
          "text": "Header 1|Header 2\n===\nCell in column 1, row 1|Cell in column 2, row 1\nCell in column 1, row 2|Cell in column 2, row 2\n===",
          "tag_filename": "/build/test-norm-tags.json"
        }
      ]
    },
    {
      "name": "unordered1",
      "def_filename": "tests/norm-rule/test.yaml",
      "chapter_name": "my-chapter_name",
      "tags": [
        {
          "name": "norm:unordered-list:anchors-in-items:entire-list",
          "text": "Item 1\nItem 2\nItem 3",
          "tag_filename": "/build/test-norm-tags.json"
        }
      ]
    },
    {
      "name": "note_with_2_tags",
      "def_filename": "tests/norm-rule/test.yaml",
      "chapter_name": "my-chapter_name",
      "kind": "parameter",
      "instances": [
        "MY_PARAMETER"
      ],
      "description": "One line description",
      "tags": [
        {
          "name": "norm:admonition:anchors-in-notes:note1",
          "text": "Paragraph 1",
          "tag_filename": "/build/test-norm-tags.json"
        },
        {
          "name": "norm:admonition:anchors-in-notes:note3",
          "text": "Paragraph 3",
          "tag_filename": "/build/test-norm-tags.json"
        }
      ]
    },
    {
      "name": "desc1",
      "def_filename": "tests/norm-rule/test.yaml",
      "chapter_name": "my-chapter_name",
      "tags": [
        {
          "name": "norm:description-list:anchors-in-items:item1",
          "text": "Item 1",
          "tag_filename": "/build/test-norm-tags.json"
        },
        {
          "name": "norm:description-list:anchors-in-items:item3",
          "text": "Item 3",
          "tag_filename": "/build/test-norm-tags.json"
        }
      ]
    },
    {
      "name": "desc2",
      "def_filename": "tests/norm-rule/test.yaml",
      "chapter_name": "my-chapter_name",
      "tags": [
        {
          "name": "norm:description-list:anchors-in-items:item1",
          "text": "Item 1",
          "tag_filename": "/build/test-norm-tags.json"
        },
        {
          "name": "norm:description-list:anchors-in-items:item3",
          "text": "Item 3",
          "tag_filename": "/build/test-norm-tags.json"
        }
      ]
    }
  ]
}